Input file:  .\In111\In-111.txt
Output file: .\In111\In-111.new

Input file: 50 lines
Output file: 51 lines
Added new lines: 1
--> Output file is consistent.


####################################################  EC DECAYS  ####################################################

---------------------------------------------------------------------------------------------------------------------  1

111IN  P 0.0         9/2+              2.8049 D  4              861.8     46    - PARENT
111CD  N 1.0         1.0       1         1.0                                    - NORMALIZATION
111CD  L 396.15      11/2-             48.50 M   9                              - LEVEL

***** BR and NB from N record *****

From calculation: 'A' transition assumed.
K =  0.85324 (49) | L =  0.11570 (27) | M =  0.02469 (14) | N =  0.00552 (5) | O =  8.62E-4 (23)
log ft 8.95 (GE)

*    log ft
111CD  E                       0.005    59                                   1  - OLD CARD
111CD  E                       0.005    59.0     GE             0.005      5    - NEW CARD

*    Probabilities
111CD2 E CK=0.8524    2$CL=0.1179    2$CM=0.02975   4                           - OLD CARD
111CD2 E CK=0.85324 49$CL=0.11570 27$CM+=0.03107 15                             - NEW CARD

---------------------------------------------------------------------------------------------------------------------  2

111IN  P 0.0         9/2+              2.8049 D  4              861.8     46    - PARENT
111CD  N 1.0         1.0       1         1.0                                    - NORMALIZATION
111CD  L 416.6       7/2+                                                       - LEVEL

***** BR and NB from N record *****

From calculation: 'A' transition assumed.
K =  0.8526 (5) | L =  0.11616 (28) | M =  0.02480 (14) | N =  0.00554 (5) | O =  8.66E-4 (24)
log ft 5.040 (22)

*    log ft
111CD  E                       99.995   55                                      - OLD CARD
111CD  E                       99.995   55.040   22             99.995     5    - NEW CARD

*    Probabilities
111CD2 E CK=0.8518    2$CL=0.11835  13$CM=0.02989   4                           - OLD CARD
111CD2 E CK=0.8526 5$CL=0.11616 28$CM+=0.03121 15                               - NEW CARD

---------------------------------------------------------------------------------------------------------------------  

-------- Total: 2
-------- Added lines: 1


