Input file:  .\Sc44\Sc-44.txt
Output file: .\Sc44\Sc-44.new

Input file: 39 lines
Output file: 41 lines
Added new lines: 2
--> Output file is consistent.


####################################################  EC DECAYS  ####################################################

---------------------------------------------------------------------------------------------------------------------  1

 44SC  P 0.0         2+                3.97 H    4              3653.3    19    - PARENT
 44CA  N 1.0         1.0       1         1.0                                    - NORMALIZATION
 44CA  L 1157.039  152+                2.61 PS   14                             - LEVEL

***** BR and NB from N record *****

From calculation: 'A' transition assumed.
K =  0.0426 (8) | L =  0.00409 (8) | M =  6.24E-4 (14) | N =  6.08E-5 (16)
K/b+ =  0.0447 (9) | L/b+ =  0.00429 (7) | M/b+ =  6.552E-4 (46) | N/b+ =  6.379E-5 (40) | EC/b+ =  0.0498 (10)

Branch splitting:  Iec 4.70 (5) %  and  Ib+ 94.27 (5) %
                   Itot 98.97 (7) %
EC component of log ft 5.307 (10)

*    log ft
 44CA  E             94.27    54.70     55.3                                    - OLD CARD
 44CA  E             94.27    54.70     55.307   10             98.97      7    - NEW CARD

*    Probabilities
 44CA2 E EAV=632.0     9$CK=0.04260   9$CL=0.00426   8$CM=0.000632 33           - OLD CARD
 44CA2 E EAV= $CK=0.0426 8$CL=0.00409 8$CM+=6.85E-4 14                          - NEW CARD

---------------------------------------------------------------------------------------------------------------------  2

 44SC  P 0.0         2+                3.97 H    4              3653.3    19    - PARENT
 44CA  N 1.0         1.0       1         1.0                                    - NORMALIZATION
 44CA  L 2656.530  242+                30 FS     3                              - LEVEL

***** BR and NB from N record *****

From calculation: 'A' transition assumed.
K =  0.8988 (5) | L =  0.08665 (32) | M =  0.01323 (17) | N =  0.001288 (23)
log ft 5.170 (13)

*    log ft
 44CA  E                       1.02     25.2                                    - OLD CARD
 44CA  E                       1.02     25.170   13             1.02       2    - NEW CARD

*    Probabilities
 44CA2 E CK=0.8966   19$CL=0.0900   16$CM=0.0134    7                           - OLD CARD
 44CA2 E CK=0.8988 5$CL=0.08665 32$CM+=0.01452 17                               - NEW CARD

---------------------------------------------------------------------------------------------------------------------  3

 44SC  P 0.0         2+                3.97 H    4              3653.3    19    - PARENT
 44CA  N 1.0         1.0       1         1.0                                    - NORMALIZATION
 44CA  L 3301.46   6 2+                35 FS     18                             - LEVEL

***** BR and NB from N record *****

From calculation: 'A' transition assumed.
K =  0.8976 (5) | L =  0.08766 (33) | M =  0.01340 (17) | N =  0.001305 (24)
log ft 6.624 (16)

*    log ft
 44CA  E                       0.00440 116.6                                    - OLD CARD
 44CA  E                       0.00440 116.624   16             0.00440   11    - NEW CARD

*    Probabilities
 44CA2 E CK=0.8954   20$CL=0.0911   16$CM=0.0135    7                           - OLD CARD
 44CA2 E CK=0.8976 5$CL=0.08766 33$CM+=0.01471 17                               - NEW CARD

---------------------------------------------------------------------------------------------------------------------  

-------- Total: 3
-------- Added lines: 1


####################################################  B+ DECAYS  ####################################################

---------------------------------------------------------------------------------------------------------------------  1

 44SC  P 0.0         2+                3.97 H    4              3653.3    19    - PARENT
 44CA  N 1.0         1.0       1         1.0                                    - NORMALIZATION
 44CA  L 1157.039  152+                2.61 PS   14                             - LEVEL

***** BR and NB from N record *****

From calculated spectrum: 'A' transition assumed.
Emean 630.4 (9) keV   |   log ft (ec & beta +) 5.3186 (49)

*    log ft (ec & beta +)
 44CA  E             94.27    54.70     55.3                                    - OLD CARD
 44CA  E             94.27    54.70     55.3186  49             98.97      7    - NEW CARD

*    Mean energy
 44CA2 E EAV=632.0     9$CK=0.04260   9$CL=0.00426   8$CM=0.000632 33           - OLD CARD
 44CA2 E EAV=630.4 9$CK=0.0426 8$CL=0.00409 8$CM+=6.85E-4 14                    - NEW CARD

---------------------------------------------------------------------------------------------------------------------  

-------- Total: 1
-------- Added lines: 1


