Input file:  .\Ce139\Ce-139.txt
Output file: .\Ce139\Ce-139.new

Input file: 39 lines
Output file: 40 lines
Added new lines: 1
--> Output file is consistent.


####################################################  EC DECAYS  ####################################################

---------------------------------------------------------------------------------------------------------------------  1

139CE  P 0.0         3/2+              137.641 D 20             270       3     - PARENT
139LA  N 1.0         1.0       1         1.0                                    - NORMALIZATION
139LA  L 0           7/2+               STABLE                                  - LEVEL

***** BR and NB from N record *****

From calculation: '1U' transition assumed.
K =  0.7338 (27) | L =  0.2023 (18) | M =  0.0491 (6) | N =  0.01237 (23) | O =  0.002266 (47) | P =  2.153E-4 (37)
log ft 10.027

*    log ft
139LA  E                       0.008     10.6                                2  - OLD CARD
139LA  E                       0.008     10.0                   0.008           - NEW CARD

*    Probabilities
139LA2 E CK=0.8162   17$CL=0.1433   12$CM=0.0326    6$CN=0.0079    4            - OLD CARD
139LA2 E CK=0.7338 27$CL=0.2023 18$CM+=0.0640 6                                 - NEW CARD

---------------------------------------------------------------------------------------------------------------------  2

139CE  P 0.0         3/2+              137.641 D 20             270       3     - PARENT
139LA  N 1.0         1.0       1         1.0                                    - NORMALIZATION
139LA  L 165.8576  115/2+              1.499 NS  19                             - LEVEL

***** BR and NB from N record *****

From calculation: 'A' transition assumed.
K =  0.719 (7) | L =  0.2117 (49) | M =  0.0525 (16) | N =  0.01362 (49) | O =  0.00263 (10) | P =  2.87E-4 (11)
log ft 5.532 (38)

*    log ft
139LA  E                       99.9973 275.42                                   - OLD CARD
139LA  E                       99.9973 275.532   38             99.9973   27    - NEW CARD

*    Probabilities
139LA2 E CK=0.716     7$CL=0.217     5$CM=0.0669   18                           - OLD CARD
139LA2 E CK=0.719 7$CL=0.2117 49$CM+=0.0690 17                                  - NEW CARD

---------------------------------------------------------------------------------------------------------------------  

-------- Total: 2
-------- Added lines: 1


