Input file:  .\P33\P-33.txt
Output file: .\P33\P-33.new

Input file: 27 lines
Output file: 28 lines
Added new lines: 1
--> Output file is consistent.


####################################################  B- DECAYS  ####################################################

---------------------------------------------------------------------------------------------------------------------  1

 33P   P 0.0         1/2+              25.38 D   5              248.5     11    - PARENT
 33S   N 1.0         1.0       1         1.0                                    - NORMALIZATION
 33S   L 0           3/2+              0                                        - LEVEL

***** BR and NB from N record *****

From calculated spectrum: 'A' transition assumed.
Emean 75.91 (38) keV   |   log ft 5.033 (7)

*    log ft
 33S   B 248.5     11100                 5.033                                  - OLD CARD
 33S   B 248.5     11100                 5.033    7                             - NEW CARD

*    Mean energy
 33S S B EAV=75.91 38                                                           - OLD CARD
 33S S B EAV=75.91 38                                                           - NEW CARD

---------------------------------------------------------------------------------------------------------------------  

-------- Total: 1
-------- Added lines: 1


