Input file:  .\At211\At-211.txt
Output file: .\At211\At-211.new

Input file: 102 lines
Output file: 103 lines
Added new lines: 1
--> Output file is consistent.


####################################################  EC DECAYS  ####################################################

---------------------------------------------------------------------------------------------------------------------  1

211AT  P 0.0         9/2-              7.216 H   7              785.4     25    - PARENT
211PO  N 1.718E0     1.718E0   0.5822    1.718E0                                - NORMALIZATION
211PO  L 0           9/2+              0.516 S   3                              - LEVEL

***** BR and NB from N record *****

From calculation: 'A' transition assumed.
K =  0.77502 (37) | L =  0.16740 (14) | M =  0.04211 (12) | N =  0.01201 (7) | O =  0.002974 (32) | P =  4.82E-4 (8)
log ft 6.056 (6)

*    log ft
211PO  E                       57.96    85.97                                   - OLD CARD
211PO  E                       57.97    86.056    6             57.97      8    - NEW CARD

*    Probabilities
211PO2 E CK=0.7731    2$CL=0.1693    1$CM=0.05758   4                           - OLD CARD
211PO2 E CK=0.77502 37$CL=0.16740 14$CM+=0.05758 14                             - NEW CARD

---------------------------------------------------------------------------------------------------------------------  2

211AT  P 0.0         9/2-              7.216 H   7              785.4     25    - PARENT
211PO  N 1.718E0     1.718E0   0.5822    1.718E0                                - NORMALIZATION
211PO  L 687.2     7 11/2+                                                      - LEVEL

***** BR and NB from N record *****

From calculation: 'A' transition assumed.
K =  0.019 (18) | L =  0.676 (11) | M =  0.219 (5) | N =  0.0662 (20) | O =  0.0166 (6) | P =  0.00270 (11)
log ft 5.853 (44)

*    log ft
211PO  E                       0.258   135.77                                1  - OLD CARD
211PO  E                       0.258   135.853   44             0.258     13    - NEW CARD

*    Probabilities
211PO2 E CK=0.015    17$CL=0.684    10$CM=0.301     7                           - OLD CARD
211PO2 E CK=0.019 18$CL=0.676 11$CM+=0.305 5                                    - NEW CARD

---------------------------------------------------------------------------------------------------------------------  

-------- Total: 2
-------- Added lines: 1


