Input file:  .\Zn65\Zn-65.txt
Output file: .\Zn65\Zn-65.new

Input file: 45 lines
Output file: 47 lines
Added new lines: 2
--> Output file is consistent.


####################################################  EC DECAYS  ####################################################

---------------------------------------------------------------------------------------------------------------------  1

 65ZN  P 0.0         5/2-              244.01 D  9              1352.1    3     - PARENT
 65CU  N 1.0         1.0       1         1.0                                    - NORMALIZATION
 65CU  L 0           3/2-               STABLE                                  - LEVEL

***** BR and NB from N record *****

From calculation: 'A' transition assumed.
K =  0.8554 (6) | L =  0.09899 (18) | M =  0.01567 (6) | N =  8.65E-4 (14)
K/b+ =  29.4 (6) | L/b+ =  3.40 (7) | M/b+ =  0.538 (9) | N/b+ =  0.02971 (15) | EC/b+ =  33.3 (7)

Branch splitting:  Iec 48.35 (11) %  and  Ib+ 1.421 (7) %
                   Itot 49.77 (11) %
EC component of log ft 7.452 (8)

*    log ft
 65CU  E             1.421    748.35   117.46                                   - OLD CARD
 65CU  E             1.421    748.35   117.452    8             49.77     11    - NEW CARD

*    Probabilities
 65CU2 E EAV=143.1     1$CK=0.8600   16$CL=0.0949   15$CM=16515E-6              - OLD CARD
 65CU2 E EAV= $CK=0.8554 6$CL=0.09899 18$CM+=0.01654 6                          - NEW CARD

---------------------------------------------------------------------------------------------------------------------  2

 65ZN  P 0.0         5/2-              244.01 D  9              1352.1    3     - PARENT
 65CU  N 1.0         1.0       1         1.0                                    - NORMALIZATION
 65CU  L 1115.556  4 5/2-              0.285 PS  9                              - LEVEL

***** BR and NB from N record *****

From calculation: 'A' transition assumed.
K =  0.87499 (28) | L =  0.10702 (19) | M =  0.01705 (7) | N =  9.42E-4 (15)
log ft 5.897 (9)

*    log ft
 65CU  E                       50.23   115.89                                   - OLD CARD
 65CU  E                       50.23   115.897    9             50.23     11    - NEW CARD

*    Probabilities
 65CU2 E CK=0.8794   17$CL=0.1027   16$CM=0.0179                                - OLD CARD
 65CU2 E CK=0.87499 28$CL=0.10702 19$CM+=0.01799 7                              - NEW CARD

---------------------------------------------------------------------------------------------------------------------  

-------- Total: 2
-------- Added lines: 1


####################################################  B+ DECAYS  ####################################################

---------------------------------------------------------------------------------------------------------------------  1

 65ZN  P 0.0         5/2-              244.01 D  9              1352.1    3     - PARENT
 65CU  N 1.0         1.0       1         1.0                                    - NORMALIZATION
 65CU  L 0           3/2-               STABLE                                  - LEVEL

***** BR and NB from N record *****

From calculated spectrum: 'A' transition assumed.
Emean 143.00 (12) keV   |   log ft (ec & beta +) 7.453 (8)

*    log ft (ec & beta +)
 65CU  E             1.421    748.35   117.46                                   - OLD CARD
 65CU  E             1.421    748.35   117.453    8             49.77     11    - NEW CARD

*    Mean energy
 65CU2 E EAV=143.1     1$CK=0.8600   16$CL=0.0949   15$CM=16515E-6              - OLD CARD
 65CU2 E EAV=143.00 12$CK=0.8554 6$CL=0.09899 18$CM+=0.01654 6                  - NEW CARD

---------------------------------------------------------------------------------------------------------------------  

-------- Total: 1
-------- Added lines: 1


