Input file:  .\Cs131\Cs-131.txt
Output file: .\Cs131\Cs-131.new

Input file: 53 lines
Output file: 54 lines
Added new lines: 1
--> Output file is consistent.


####################################################  EC DECAYS  ####################################################

---------------------------------------------------------------------------------------------------------------------  1

131CS  P 0.0         5/2+              9.681 D   16             358.00    18    - PARENT
131XE  N 1.0         1.0       1         1.0                                    - NORMALIZATION
131XE  L 0           3/2+               STABLE                                  - LEVEL

***** BR and NB from N record *****

From calculation: 'A' transition assumed.
K =  0.83565 (30) | L =  0.12758 (7) | M =  0.02824 (12) | N =  0.00732 (9) | O =  0.001214 (18)
log ft 5.5804 (27)

*    log ft
131XE  E                       100       5.5804                 100        0    - OLD CARD
131XE  E                       100       5.5804  27             100             - NEW CARD

*    Probabilities
131XE2 E CK=0.83566  30$CL=0.12757   7$CM=0.02824  12$CN=0.00732   9            - OLD CARD
131XE2 E CK=0.83565 30$CL=0.12758 7$CM+=0.03677 15                              - NEW CARD

---------------------------------------------------------------------------------------------------------------------  

-------- Total: 1
-------- Added lines: 1


