Input file:  F18\F-18.txt
Output file: F18\F-18.new

Input file: 27 lines
Output file: 31 lines
Added new lines: 4
--> Output file is consistent.


####################################################  EC DECAYS  ####################################################

---------------------------------------------------------------------------------------------------------------------  1

 18F   P 0.0         1+                1.82890 H 23             1655.9    5     - PARENT
 18O   N 1.0         1.0       1         1.0                                    - NORMALIZATION
 18O   L 0           0+                 STABLE                                  - LEVEL

***** BR and NB from N record *****

From calculation: 'A' transition assumed.
K =  0.03044 (45) | L =  0.002272 (35)
K/b+ =  0.03147 (49) | L/b+ =  0.002349 (26) | EC/b+ =  0.0338 (5)

Branch splitting:  Iec 3.14 (19) %  and  Ib+ 96.86 (19) %
                   Itot 100 %
EC component of log ft 3.588 (27)

*    log ft
 18O   E             96.86   193.14    193.57                                   - OLD CARD
 18O   E             96.86   193.14    193.588   27             100             - NEW CARD

*    Probabilities
 18O 2 E EAV=249.5     3$CK=0.02911  16$CL=0.00229  16                          - OLD CARD
 18O 2 E EAV= $CK=0.03044 45$CL=0.002272 35                                     - NEW CARD

---------------------------------------------------------------------------------------------------------------------  

-------- Total: 1
-------- Added lines: 1


####################################################  B+ DECAYS  ####################################################

---------------------------------------------------------------------------------------------------------------------  1

 18F   P 0.0         1+                1.82890 H 23             1655.9    5     - PARENT
 18O   N 1.0         1.0       1         1.0                                    - NORMALIZATION
 18O   L 0           0+                 STABLE                                  - LEVEL

***** BR and NB from N record *****

From calculated spectrum: 'A' transition assumed.
Emean 249.65 (21) keV   |   log ft (ec & beta +) 3.5795 (18)

From measured spectrum
Emean 250.50 (21) keV   |   [For information] log ft (ec & beta +) 0

*    log ft (ec & beta +)
 18O   E             96.86   193.14    193.57                                   - OLD CARD
 18O   E             96.86   193.14    193.5795  18             100             - NEW CARD

*    Mean energy
 18O 2 E EAV=249.5     3$CK=0.02911  16$CL=0.00229  16                          - OLD CARD
 18O 2 E EAV=250.50 21$CK=0.03044 45$CL=0.002272 35                             - NEW CARD
 18O 2 E C1=0.003 9 (1964HO28)                                                  - ADDITIONAL NEW CARD
 18O  DE $Cexp(W) = 1+C{-1}W                                                    - ADDITIONAL NEW CARD

---------------------------------------------------------------------------------------------------------------------  

-------- Total: 1
-------- Added lines: 3


