Input file:  .\Rb82\Rb-82.txt
Output file: .\Rb82\Rb-82.new

Input file: 167 lines
Output file: 169 lines
Added new lines: 2
--> Output file is consistent.


####################################################  EC DECAYS  ####################################################

---------------------------------------------------------------------------------------------------------------------  1

 82RB  P 0.0         1+                1.2652 M  45             4403      3     - PARENT
 82KR  N 1.0         1.0       1         1.0                                    - NORMALIZATION
 82KR  L 0           0+                 STABLE                                  - LEVEL

***** BR and NB from N record *****

From calculation: 'A' transition assumed.
K =  0.03169 (26) | L =  0.003601 (30) | M =  6.95E-4 (8) | N =  9.92E-5 (14)
K/b+ =  0.03288 (29) | L/b+ =  0.003736 (28) | M/b+ =  7.212E-4 (28) | N/b+ =  1.029E-4 (8) | EC/b+ =  0.03744 (32)

Branch splitting:  Iec 3.01 (3) %  and  Ib+ 81.81 (24) %
                   Itot 84.82 (24) %
EC component of log ft 4.591 (6)

*    log ft
 82KR  E             81.81   243.01     34.6                                    - OLD CARD
 82KR  E             81.81   243.01     34.591    6             84.82     24    - NEW CARD

*    Probabilities
 82KR2 E EAV=1535.6   15$CK=0.031154 50$CL=0.003598 43$CM=0.000649 14           - OLD CARD
 82KR2 E EAV= $CK=0.03169 26$CL=0.003601 30$CM+=7.94E-4 8                       - NEW CARD

---------------------------------------------------------------------------------------------------------------------  2

 82RB  P 0.0         1+                1.2652 M  45             4403      3     - PARENT
 82KR  N 1.0         1.0       1         1.0                                    - NORMALIZATION
 82KR  L 776.522   102+                                                         - LEVEL

***** BR and NB from N record *****

From calculation: 'A' transition assumed.
K =  0.0663 (6) | L =  0.00754 (7) | M =  0.001457 (17) | N =  2.078E-4 (30)
K/b+ =  0.0718 (7) | L/b+ =  0.00816 (7) | M/b+ =  0.001576 (7) | N/b+ =  2.248E-4 (20) | EC/b+ =  0.0817 (8)

Branch splitting:  Iec 1.06 (2) %  and  Ib+ 13.10 (19) %
                   Itot 14.16 (19) %
EC component of log ft 4.873 (9)

*    log ft
 82KR  E             13.10   191.06     24.8                                    - OLD CARD
 82KR  E             13.10   191.06     24.873    9             14.16     19    - NEW CARD

*    Probabilities
 82KR2 E EAV=1168.5   15$CK=0.06571  10$CL=0.00761   9$CM=0.00137   3           - OLD CARD
 82KR2 E EAV= $CK=0.0663 6$CL=0.00754 7$CM+=0.001665 17                         - NEW CARD

---------------------------------------------------------------------------------------------------------------------  3

 82RB  P 0.0         1+                1.2652 M  45             4403      3     - PARENT
 82KR  N 1.0         1.0       1         1.0                                    - NORMALIZATION
 82KR  L 1474.894  102+                15 PS                                    - LEVEL

***** BR and NB from N record *****

From calculation: 'A' transition assumed.
K =  0.1535 (14) | L =  0.01749 (16) | M =  0.003377 (39) | N =  4.82E-4 (7)
K/b+ =  0.1861 (21) | L/b+ =  0.02119 (20) | M/b+ =  0.004093 (25) | N/b+ =  5.84E-4 (6) | EC/b+ =  0.2119 (23)

Branch splitting:  Iec 0.0284 (14) %  and  Ib+ 0.135 (7) %
                   Itot 0.163 (7) %
EC component of log ft 6.257 (22)

*    log ft
 82KR  E             0.135    70.0284  146.3                                    - OLD CARD
 82KR  E             0.135    70.0284  146.257   22             0.163      7    - NEW CARD

*    Probabilities
 82KR2 E EAV=844.1    14$CK=0.15253  24$CL=0.01768  21$CM=0.00318   7           - OLD CARD
 82KR2 E EAV= $CK=0.1535 14$CL=0.01749 16$CM+=0.003859 40                       - NEW CARD

---------------------------------------------------------------------------------------------------------------------  4

 82RB  P 0.0         1+                1.2652 M  45             4403      3     - PARENT
 82KR  N 1.0         1.0       1         1.0                                    - NORMALIZATION
 82KR  L 1487.62   7 0+                10 PS                                    - LEVEL

***** BR and NB from N record *****

From calculation: 'A' transition assumed.
K =  0.1562 (14) | L =  0.01779 (16) | M =  0.003436 (40) | N =  4.90E-4 (7)
K/b+ =  0.1900 (21) | L/b+ =  0.02164 (21) | M/b+ =  0.004179 (26) | N/b+ =  5.96E-4 (6) | EC/b+ =  0.2164 (24)

Branch splitting:  Iec 0.0096 (9) %  and  Ib+ 0.0444 (41) %
                   Itot 0.0540 (42) %
EC component of log ft 6.724 (41)

*    log ft
 82KR  E             0.0444  410.0096   96.7                                    - OLD CARD
 82KR  E             0.0444  410.0096   96.724   41             0.0540    42    - NEW CARD

*    Probabilities
 82KR2 E EAV=838.3    14$CK=0.15602  25$CL=0.01808  21$CM=0.00325   7           - OLD CARD
 82KR2 E EAV= $CK=0.1562 14$CL=0.01779 16$CM+=0.003926 41                       - NEW CARD

---------------------------------------------------------------------------------------------------------------------  5

 82RB  P 0.0         1+                1.2652 M  45             4403      3     - PARENT
 82KR  N 1.0         1.0       1         1.0                                    - NORMALIZATION
 82KR  L 1820.6    4 4+                                                         - LEVEL

***** BR and NB from N record *****

From calculation: '2U' transition assumed.
K =  0.6746 (22) | L =  0.07872 (27) | M =  0.01524 (12) | N =  0.002171 (26)
K/b+ =  2.943 (42) | L/b+ =  0.3434 (44) | M/b+ =  0.0665 (6) | N/b+ =  0.00947 (13) | EC/b+ =  3.362 (47)

Branch splitting:  Iec 3.E-5 (3) %  and  Ib+ 7E-5 (7) %
                   Itot 1.0E-4 (8) %
EC component of log ft 11.5 (GE)

*    log ft
 82KR  E             0.00007  70.00003  311.5                                2U - OLD CARD
 82KR  E             7E-5     73.E-5    311.5    GE             1.0E-4     8 2U - NEW CARD

*    Probabilities
 82KR2 E EAV=735.6    15$CK=0.26325  42$CL=0.03054  36$CM=0.00549  12           - OLD CARD
 82KR2 E EAV= $CK=0.6746 22$CL=0.07872 27$CM+=0.01741 12                        - NEW CARD

---------------------------------------------------------------------------------------------------------------------  6

 82RB  P 0.0         1+                1.2652 M  45             4403      3     - PARENT
 82KR  N 1.0         1.0       1         1.0                                    - NORMALIZATION
 82KR  L 1956.797  20(2)+                                                       - LEVEL

***** BR and NB from N record *****

From calculation: 'A' transition assumed.
K =  0.3036 (25) | L =  0.03464 (29) | M =  0.00669 (7) | N =  9.55E-4 (13)
K/b+ =  0.464 (6) | L/b+ =  0.0530 (6) | M/b+ =  0.01023 (8) | N/b+ =  0.001460 (17) | EC/b+ =  0.529 (7)

Branch splitting:  Iec 0.0047 (8) %  and  Ib+ 0.00890 (14) %
                   Itot 0.0136 (8) %
EC component of log ft 6.88 (7)

*    log ft
 82KR  E             0.00890 140.0047   86.7                                    - OLD CARD
 82KR  E             0.00890 140.0047   86.88     7             0.0136     8    - NEW CARD

*    Probabilities
 82KR2 E EAV=624.8    14$CK=0.30322  48$CL=0.03518  41$CM=0.00636  14           - OLD CARD
 82KR2 E EAV= $CK=0.3036 25$CL=0.03464 29$CM+=0.00765 7                         - NEW CARD

---------------------------------------------------------------------------------------------------------------------  7

 82RB  P 0.0         1+                1.2652 M  45             4403      3     - PARENT
 82KR  N 1.0         1.0       1         1.0                                    - NORMALIZATION
 82KR  L 2171.68   3 0+                                                         - LEVEL

***** BR and NB from N record *****

From calculation: 'A' transition assumed.
K =  0.4145 (31) | L =  0.04733 (36) | M =  0.00914 (10) | N =  0.001305 (18)
K/b+ =  0.785 (11) | L/b+ =  0.0897 (12) | M/b+ =  0.01732 (16) | N/b+ =  0.002472 (33) | EC/b+ =  0.895 (13)

Branch splitting:  Iec 0.283 (5) %  and  Ib+ 0.317 (6) %
                   Itot 0.600 (8) %
EC component of log ft 5.020 (9)

*    log ft
 82KR  E             0.317    60.283    55                                      - OLD CARD
 82KR  E             0.317    60.283    55.020    9             0.600      8    - NEW CARD

*    Probabilities
 82KR2 E EAV=528.6    14$CK=0.4138    7$CL=0.0481    6$CM=0.00868  19           - OLD CARD
 82KR2 E EAV= $CK=0.4145 31$CL=0.04733 36$CM+=0.01045 10                        - NEW CARD

---------------------------------------------------------------------------------------------------------------------  8

 82RB  P 0.0         1+                1.2652 M  45             4403      3     - PARENT
 82KR  N 1.0         1.0       1         1.0                                    - NORMALIZATION
 82KR  L 2450.09   9 0(+),1,2+                                                  - LEVEL

***** BR and NB from N record *****

From calculation: 'A' transition assumed.
K =  0.5964 (32) | L =  0.06820 (38) | M =  0.01318 (12) | N =  0.001880 (24)
K/b+ =  1.861 (32) | L/b+ =  0.2129 (33) | M/b+ =  0.0411 (5) | N/b+ =  0.00587 (9) | EC/b+ =  2.121 (36)

Branch splitting:  Iec 0.0105 (8) %  and  Ib+ 0.0050 (4) %
                   Itot 0.0155 (9) %
EC component of log ft 6.334 (33)

*    log ft
 82KR  E             0.0050   40.0105   86.3                                    - OLD CARD
 82KR  E             0.0050   40.0105   86.334   33             0.0155     9    - NEW CARD

*    Probabilities
 82KR2 E EAV=405.7    14$CK=0.5942    9$CL=0.0692    8$CM=0.01246  27           - OLD CARD
 82KR2 E EAV= $CK=0.5964 32$CL=0.06820 38$CM+=0.01506 12                        - NEW CARD

---------------------------------------------------------------------------------------------------------------------  9

 82RB  P 0.0         1+                1.2652 M  45             4403      3     - PARENT
 82KR  N 1.0         1.0       1         1.0                                    - NORMALIZATION
 82KR  L 2479.72   3 1,2+                                                       - LEVEL

***** BR and NB from N record *****

From calculation: 'A' transition assumed.
K =  0.6167 (32) | L =  0.07054 (37) | M =  0.01363 (12) | N =  0.001945 (24)
K/b+ =  2.075 (37) | L/b+ =  0.2374 (38) | M/b+ =  0.0459 (6) | N/b+ =  0.00655 (11) | EC/b+ =  2.365 (41)

Branch splitting:  Iec 0.0682 (14) %  and  Ib+ 0.0288 (7) %
                   Itot 0.0970 (16) %
EC component of log ft 5.508 (10)

*    log ft
 82KR  E             0.0288   70.0682  145.5                                    - OLD CARD
 82KR  E             0.0288   70.0682  145.508   10             0.0970    16    - NEW CARD

*    Probabilities
 82KR2 E EAV=392.7    14$CK=0.6167   10$CL=0.0718    8$CM=0.01294  28           - OLD CARD
 82KR2 E EAV= $CK=0.6167 32$CL=0.07054 37$CM+=0.01558 12                        - NEW CARD

---------------------------------------------------------------------------------------------------------------------  10

 82RB  P 0.0         1+                1.2652 M  45             4403      3     - PARENT
 82KR  N 1.0         1.0       1         1.0                                    - NORMALIZATION
 82KR  L 2509.0    5                                                            - LEVEL

***** BR and NB from N record *****

From calculation: 'A' transition assumed.
K =  0.6367 (31) | L =  0.07284 (37) | M =  0.01408 (12) | N =  0.002008 (25)
K/b+ =  2.320 (42) | L/b+ =  0.2654 (44) | M/b+ =  0.0513 (7) | N/b+ =  0.00732 (13) | EC/b+ =  2.644 (47)

Branch splitting:  Iec 0.0011 (6) %  and  Ib+ 4.1E-4 (25) %
                   Itot 0.0015 (7) %
EC component of log ft 7.29 (24)

*    log ft
 82KR  E             0.00041 250.0011   67.4                                    - OLD CARD
 82KR  E             4.1E-4  250.0011   67.29    24             0.0015     7    - NEW CARD

*    Probabilities
 82KR2 E EAV=380.0    14$CK=0.6389   10$CL=0.0744    9$CM=0.01340  29           - OLD CARD
 82KR2 E EAV= $CK=0.6367 31$CL=0.07284 37$CM+=0.01609 12                        - NEW CARD

---------------------------------------------------------------------------------------------------------------------  11

 82RB  P 0.0         1+                1.2652 M  45             4403      3     - PARENT
 82KR  N 1.0         1.0       1         1.0                                    - NORMALIZATION
 82KR  L 2556.3    7 (4)+                                                       - LEVEL

***** BR and NB from N record *****

From calculation: '2U' transition assumed.
K =  0.85769 (48) | L =  0.10163 (14) | M =  0.01970 (14) | N =  0.002802 (32)
K/b+ =  47.2 (11) | L/b+ =  5.59 (13) | M/b+ =  1.083 (20) | N/b+ =  0.1541 (35) | EC/b+ =  54.0 (13)

Branch splitting:  Iec 2.3E-4 (11) %  and  Ib+ 7.E-5 (4) %
                   Itot 3.0E-4 (12) %
EC component of log ft 10.16 (21)

*    log ft
 82KR  E             0.00007  40.00023 1110                                  2U - OLD CARD
 82KR  E             7.E-5    42.3E-4  1110.16   21             3.0E-4    12 2U - NEW CARD

*    Probabilities
 82KR2 E EAV=359.4    14$CK=0.6724   11$CL=0.0783    9$CM=0.01411  31           - OLD CARD
 82KR2 E EAV= $CK=0.85769 48$CL=0.10163 14$CM+=0.02250 14                       - NEW CARD

---------------------------------------------------------------------------------------------------------------------  12

 82RB  P 0.0         1+                1.2652 M  45             4403      3     - PARENT
 82KR  N 1.0         1.0       1         1.0                                    - NORMALIZATION
 82KR  L 2561.7    5                                                            - LEVEL

***** BR and NB from N record *****

From calculation: 'A' transition assumed.
K =  0.6718 (30) | L =  0.07689 (35) | M =  0.01486 (13) | N =  0.002120 (26)
K/b+ =  2.87 (5) | L/b+ =  0.328 (6) | M/b+ =  0.0634 (9) | N/b+ =  0.00905 (16) | EC/b+ =  3.27 (6)

Branch splitting:  Iec 0.0011 (6) %  and  Ib+ 3.3E-4 (19) %
                   Itot 0.0014 (6) %
EC component of log ft 7.26 (24)

*    log ft
 82KR  E             0.00033 190.0011   67.3                                    - OLD CARD
 82KR  E             3.3E-4  190.0011   67.26    24             0.0014     6    - NEW CARD

*    Probabilities
 82KR2 E EAV=357.0    14$CK=0.6746   11$CL=0.0785    9$CM=0.01415  31           - OLD CARD
 82KR2 E EAV= $CK=0.6718 30$CL=0.07689 35$CM+=0.01698 13                        - NEW CARD

---------------------------------------------------------------------------------------------------------------------  13

 82RB  P 0.0         1+                1.2652 M  45             4403      3     - PARENT
 82KR  N 1.0         1.0       1         1.0                                    - NORMALIZATION
 82KR  L 2655.82   101,2(+)                                                     - LEVEL

***** BR and NB from N record *****

From calculation: 'A' transition assumed.
K =  0.7305 (25) | L =  0.08366 (31) | M =  0.01617 (13) | N =  0.002307 (27)
K/b+ =  4.36 (9) | L/b+ =  0.50 (1) | M/b+ =  0.0966 (15) | N/b+ =  0.01378 (27) | EC/b+ =  4.97 (10)

Branch splitting:  Iec 0.0142 (17) %  and  Ib+ 0.00284 (34) %
                   Itot 0.0170 (17) %
EC component of log ft 6.11 (5)

*    log ft
 82KR  E             0.00284 340.0142  176.1                                    - OLD CARD
 82KR  E             0.00284 340.0142  176.11     5             0.0170    17    - NEW CARD

*    Probabilities
 82KR2 E EAV=316.2    13$CK=0.7308   12$CL=0.0852   10$CM=0.01533  33           - OLD CARD
 82KR2 E EAV= $CK=0.7305 25$CL=0.08366 31$CM+=0.01848 13                        - NEW CARD

---------------------------------------------------------------------------------------------------------------------  14

 82RB  P 0.0         1+                1.2652 M  45             4403      3     - PARENT
 82KR  N 1.0         1.0       1         1.0                                    - NORMALIZATION
 82KR  L 2944.14   4 (2)+                                                       - LEVEL

***** BR and NB from N record *****

From calculation: 'A' transition assumed.
K =  0.8495 (9) | L =  0.09756 (16) | M =  0.01886 (14) | N =  0.002692 (31)
K/b+ =  27.0 (9) | L/b+ =  3.11 (10) | M/b+ =  0.600 (16) | N/b+ =  0.0857 (27) | EC/b+ =  30.8 (10)

Branch splitting:  Iec 0.0500 (19) %  and  Ib+ 0 %
                   Itot 0.0500 (19) %
EC component of log ft 5.400 (17)

*    log ft
 82KR  E                       0.0500  195.4                                    - OLD CARD
 82KR  E                       0.0500  195.400   17             0.0500    19    - NEW CARD

*    Probabilities
 82KR2 E CK=0.8766   15$CL=0.1025   12$CM=0.0185    4$CN=0.0024    2            - OLD CARD
 82KR2 E CK=0.8495 9$CL=0.09756 16$CM+=0.02155 14                               - NEW CARD

---------------------------------------------------------------------------------------------------------------------  15

 82RB  P 0.0         1+                1.2652 M  45             4403      3     - PARENT
 82KR  N 1.0         1.0       1         1.0                                    - NORMALIZATION
 82KR  L 3186.82   5 0,1,2+                                                     - LEVEL

***** BR and NB from N record *****

From calculation: 'A' transition assumed.
K =  0.87551 (32) | L =  0.10088 (13) | M =  0.01951 (14) | N =  0.002785 (32)
K/b+ =  6.7E2 (5) | L/b+ =  77 (6) | M/b+ =  14.9 (10) | N/b+ =  2.13 (16) | EC/b+ =  7.7E2 (6)

Branch splitting:  Iec 0.0265 (15) %  and  Ib+ 0 %
                   Itot 0.0265 (15) %
EC component of log ft 5.516 (25)

*    log ft
 82KR  E                       0.0265  155.5                                    - OLD CARD
 82KR  E                       0.0265  155.516   25             0.0265    15    - NEW CARD

*    Probabilities
 82KR2 E CK=0.8763   15$CL=0.1028   12$CM=0.0185    4$CN=0.0024    2            - OLD CARD
 82KR2 E CK=0.87551 32$CL=0.10088 13$CM+=0.02230 14                             - NEW CARD

---------------------------------------------------------------------------------------------------------------------  16

 82RB  P 0.0         1+                1.2652 M  45             4403      3     - PARENT
 82KR  N 1.0         1.0       1         1.0                                    - NORMALIZATION
 82KR  L 3355.32   191,2(+)                                                     - LEVEL

***** BR and NB from N record *****

From calculation: 'A' transition assumed.
K =  0.87630 (31) | L =  0.10130 (14) | M =  0.01960 (14) | N =  0.002798 (32)
K/b+ =  1.1E7 (11) | L/b+ =  1.3E6 (12) | M/b+ =  2.5E5 (24) | N/b+ =  3.5E4 (35) | EC/b+ =  1.3E7 (12)

Branch splitting:  Iec 0.00134 (13) %  and  Ib+ 0 %
                   Itot 0.00134 (13) %
EC component of log ft 6.681 (42)

*    log ft
 82KR  E                       0.00134 136.7                                    - OLD CARD
 82KR  E                       0.00134 136.681   42             0.00134   13    - NEW CARD

*    Probabilities
 82KR2 E CK=0.8759   15$CL=0.1031   12$CM=0.0186    4$CN=0.0024    2            - OLD CARD
 82KR2 E CK=0.87630 31$CL=0.10130 14$CM+=0.02240 14                             - NEW CARD

---------------------------------------------------------------------------------------------------------------------  17

 82RB  P 0.0         1+                1.2652 M  45             4403      3     - PARENT
 82KR  N 1.0         1.0       1         1.0                                    - NORMALIZATION
 82KR  L 3457.5    7 1,2(+)                                                     - LEVEL

***** BR and NB from N record *****

From calculation: 'A' transition assumed.
K =  0.87601 (31) | L =  0.10153 (14) | M =  0.01965 (14) | N =  0.002805 (32)
log ft 7.67 (9)

*    log ft
 82KR  E                       0.000111237.7                                    - OLD CARD
 82KR  E                       1.11E-4 237.67     9             1.11E-4   23    - NEW CARD

*    Probabilities
 82KR2 E CK=0.8756   15$CL=0.1033   12$CM=0.0187    4$CN=0.0024    2            - OLD CARD
 82KR2 E CK=0.87601 31$CL=0.10153 14$CM+=0.02246 14                             - NEW CARD

---------------------------------------------------------------------------------------------------------------------  18

 82RB  P 0.0         1+                1.2652 M  45             4403      3     - PARENT
 82KR  N 1.0         1.0       1         1.0                                    - NORMALIZATION
 82KR  L 3564.6    3 0(+),1,2+                                                  - LEVEL

***** BR and NB from N record *****

From calculation: 'A' transition assumed.
K =  0.87564 (32) | L =  0.10182 (14) | M =  0.01972 (15) | N =  0.002815 (32)
log ft 6.08 (40)

*    log ft
 82KR  E                       0.0034  316                                      - OLD CARD
 82KR  E                       0.0034  316.08    40             0.0034    31    - NEW CARD

*    Probabilities
 82KR2 E CK=0.8752   15$CL=0.1036   12$CM=0.0187    4$CN=0.0024    2            - OLD CARD
 82KR2 E CK=0.87564 32$CL=0.10182 14$CM+=0.02254 15                             - NEW CARD

---------------------------------------------------------------------------------------------------------------------  19

 82RB  P 0.0         1+                1.2652 M  45             4403      3     - PARENT
 82KR  N 1.0         1.0       1         1.0                                    - NORMALIZATION
 82KR  L 3716.83   150(),1,2+                                                   - LEVEL

***** BR and NB from N record *****

From calculation: 'A' transition assumed.
K =  0.87491 (33) | L =  0.10241 (15) | M =  0.01985 (15) | N =  0.002834 (32)
log ft 5.53 (16)

*    log ft
 82KR  E                       0.008    35.8                                    - OLD CARD
 82KR  E                       0.008    35.53    16             0.008      3    - NEW CARD

*    Probabilities
 82KR2 E CK=0.8745   15$CL=0.1042   12$CM=0.0188    4$CN=0.0025    2            - OLD CARD
 82KR2 E CK=0.87491 33$CL=0.10241 15$CM+=0.02268 15                             - NEW CARD

---------------------------------------------------------------------------------------------------------------------  20

 82RB  P 0.0         1+                1.2652 M  45             4403      3     - PARENT
 82KR  N 1.0         1.0       1         1.0                                    - NORMALIZATION
 82KR  L 3741.96   8                                                            - LEVEL

***** BR and NB from N record *****

From calculation: 'A' transition assumed.
K =  0.87475 (33) | L =  0.10253 (15) | M =  0.01988 (15) | N =  0.002838 (32)
log ft 5.85 (7)

*    log ft
 82KR  E                       0.0036   65.9                                    - OLD CARD
 82KR  E                       0.0036   65.85     7             0.0036     6    - NEW CARD

*    Probabilities
 82KR2 E CK=0.8743   15$CL=0.1043   12$CM=0.0189    4$CN=0.0025    2            - OLD CARD
 82KR2 E CK=0.87475 33$CL=0.10253 15$CM+=0.02272 15                             - NEW CARD

---------------------------------------------------------------------------------------------------------------------  21

 82RB  P 0.0         1+                1.2652 M  45             4403      3     - PARENT
 82KR  N 1.0         1.0       1         1.0                                    - NORMALIZATION
 82KR  L 3815.1    101,2(+)                                                     - LEVEL

***** BR and NB from N record *****

From calculation: 'A' transition assumed.
K =  0.87422 (33) | L =  0.10296 (15) | M =  0.01997 (15) | N =  0.002851 (33)
log ft 6.02 (18)

*    log ft
 82KR  E                       0.0019   85.6                                    - OLD CARD
 82KR  E                       0.0019   86.02    18             0.0019     8    - NEW CARD

*    Probabilities
 82KR2 E CK=0.8738   15$CL=0.1048   12$CM=0.0190    4$CN=0.0025    2            - OLD CARD
 82KR2 E CK=0.87422 33$CL=0.10296 15$CM+=0.02282 15                             - NEW CARD

---------------------------------------------------------------------------------------------------------------------  22

 82RB  P 0.0         1+                1.2652 M  45             4403      3     - PARENT
 82KR  N 1.0         1.0       1         1.0                                    - NORMALIZATION
 82KR  L 3835.8    5 1,2+                                                       - LEVEL

***** BR and NB from N record *****

From calculation: 'A' transition assumed.
K =  0.87405 (34) | L =  0.10310 (15) | M =  0.02000 (15) | N =  0.002856 (33)
log ft 6.317 (26)

*    log ft
 82KR  E                       0.00089  56.3                                    - OLD CARD
 82KR  E                       8.9E-4   56.317   26             8.9E-4     5    - NEW CARD

*    Probabilities
 82KR2 E CK=0.8736   15$CL=0.1049   12$CM=0.0190    4$CN=0.0025    2            - OLD CARD
 82KR2 E CK=0.87405 34$CL=0.10310 15$CM+=0.02286 15                             - NEW CARD

---------------------------------------------------------------------------------------------------------------------  23

 82RB  P 0.0         1+                1.2652 M  45             4403      3     - PARENT
 82KR  N 1.0         1.0       1         1.0                                    - NORMALIZATION
 82KR  L 3881.1    5 1,2(+)                                                     - LEVEL

***** BR and NB from N record *****

From calculation: 'A' transition assumed.
K =  0.87361 (34) | L =  0.10344 (16) | M =  0.02008 (15) | N =  0.002867 (33)
log ft 6.81 (9)

*    log ft
 82KR  E                       0.00024  56.8                                    - OLD CARD
 82KR  E                       2.4E-4   56.81     9             2.4E-4     5    - NEW CARD

*    Probabilities
 82KR2 E CK=0.8732   15$CL=0.1053   12$CM=0.0191    4$CN=0.0025    2            - OLD CARD
 82KR2 E CK=0.87361 34$CL=0.10344 16$CM+=0.02295 15                             - NEW CARD

---------------------------------------------------------------------------------------------------------------------  24

 82RB  P 0.0         1+                1.2652 M  45             4403      3     - PARENT
 82KR  N 1.0         1.0       1         1.0                                    - NORMALIZATION
 82KR  L 3911.1    101,2(+)                                                     - LEVEL

***** BR and NB from N record *****

From calculation: 'A' transition assumed.
K =  0.87328 (35) | L =  0.10371 (16) | M =  0.02014 (15) | N =  0.002876 (33)
log ft 7.14 (9)

*    log ft
 82KR  E                       0.00010  27.1                                    - OLD CARD
 82KR  E                       1.0E-4   27.14     9             1.0E-4     2    - NEW CARD

*    Probabilities
 82KR2 E CK=0.8728   15$CL=0.1056   12$CM=0.0191    4$CN=0.0025    2            - OLD CARD
 82KR2 E CK=0.87328 35$CL=0.10371 16$CM+=0.02302 15                             - NEW CARD

---------------------------------------------------------------------------------------------------------------------  25

 82RB  P 0.0         1+                1.2652 M  45             4403      3     - PARENT
 82KR  N 1.0         1.0       1         1.0                                    - NORMALIZATION
 82KR  L 3956.1    101,2(+)                                                     - LEVEL

***** BR and NB from N record *****

From calculation: 'A' transition assumed.
K =  0.87269 (36) | L =  0.10418 (17) | M =  0.02024 (16) | N =  0.002891 (34)
log ft 7.1 (1)

*    log ft
 82KR  E                       0.00009  27.1                                    - OLD CARD
 82KR  E                       9.E-5    27.1      1             9.E-5      2    - NEW CARD

*    Probabilities
 82KR2 E CK=0.8722   15$CL=0.1061   12$CM=0.0192    4$CN=0.0025    2            - OLD CARD
 82KR2 E CK=0.87269 36$CL=0.10418 17$CM+=0.02313 16                             - NEW CARD

---------------------------------------------------------------------------------------------------------------------  

-------- Total: 25
-------- Added lines: 1


####################################################  B+ DECAYS  ####################################################

---------------------------------------------------------------------------------------------------------------------  1

 82RB  P 0.0         1+                1.2652 M  45             4403      3     - PARENT
 82KR  N 1.0         1.0       1         1.0                                    - NORMALIZATION
 82KR  L 0           0+                 STABLE                                  - LEVEL

***** BR and NB from N record *****

From calculated spectrum: 'A' transition assumed.
Emean 1528.1 (14) keV   |   log ft (ec & beta +) 4.5953 (26)

*    log ft (ec & beta +)
 82KR  E             81.81   243.01     34.6                                    - OLD CARD
 82KR  E             81.81   243.01     34.5953  26             84.82     24    - NEW CARD

*    Mean energy
 82KR2 E EAV=1535.6   15$CK=0.031154 50$CL=0.003598 43$CM=0.000649 14           - OLD CARD
 82KR2 E EAV=1528.1 14$CK=0.03169 26$CL=0.003601 30$CM+=7.94E-4 8               - NEW CARD

---------------------------------------------------------------------------------------------------------------------  2

 82RB  P 0.0         1+                1.2652 M  45             4403      3     - PARENT
 82KR  N 1.0         1.0       1         1.0                                    - NORMALIZATION
 82KR  L 776.522   102+                                                         - LEVEL

***** BR and NB from N record *****

From calculated spectrum: 'A' transition assumed.
Emean 1163.6 (14) keV   |   log ft (ec & beta +) 4.881 (6)

*    log ft (ec & beta +)
 82KR  E             13.10   191.06     24.8                                    - OLD CARD
 82KR  E             13.10   191.06     24.881    6             14.16     19    - NEW CARD

*    Mean energy
 82KR2 E EAV=1168.5   15$CK=0.06571  10$CL=0.00761   9$CM=0.00137   3           - OLD CARD
 82KR2 E EAV=1163.6 14$CK=0.0663 6$CL=0.00754 7$CM+=0.001665 17                 - NEW CARD

---------------------------------------------------------------------------------------------------------------------  3

 82RB  P 0.0         1+                1.2652 M  45             4403      3     - PARENT
 82KR  N 1.0         1.0       1         1.0                                    - NORMALIZATION
 82KR  L 1474.894  102+                15 PS                                    - LEVEL

***** BR and NB from N record *****

From calculated spectrum: 'A' transition assumed.
Emean 841.2 (14) keV   |   log ft (ec & beta +) 6.266 (19)

*    log ft (ec & beta +)
 82KR  E             0.135    70.0284  146.3                                    - OLD CARD
 82KR  E             0.135    70.0284  146.266   19             0.163      7    - NEW CARD

*    Mean energy
 82KR2 E EAV=844.1    14$CK=0.15253  24$CL=0.01768  21$CM=0.00318   7           - OLD CARD
 82KR2 E EAV=841.2 14$CK=0.1535 14$CL=0.01749 16$CM+=0.003859 40                - NEW CARD

---------------------------------------------------------------------------------------------------------------------  4

 82RB  P 0.0         1+                1.2652 M  45             4403      3     - PARENT
 82KR  N 1.0         1.0       1         1.0                                    - NORMALIZATION
 82KR  L 1487.62   7 0+                10 PS                                    - LEVEL

***** BR and NB from N record *****

From calculated spectrum: 'A' transition assumed.
Emean 835.4 (14) keV   |   log ft (ec & beta +) 6.735 (34)

*    log ft (ec & beta +)
 82KR  E             0.0444  410.0096   96.7                                    - OLD CARD
 82KR  E             0.0444  410.0096   96.735   34             0.0540    42    - NEW CARD

*    Mean energy
 82KR2 E EAV=838.3    14$CK=0.15602  25$CL=0.01808  21$CM=0.00325   7           - OLD CARD
 82KR2 E EAV=835.4 14$CK=0.1562 14$CL=0.01779 16$CM+=0.003926 41                - NEW CARD

---------------------------------------------------------------------------------------------------------------------  5

 82RB  P 0.0         1+                1.2652 M  45             4403      3     - PARENT
 82KR  N 1.0         1.0       1         1.0                                    - NORMALIZATION
 82KR  L 1820.6    4 4+                                                         - LEVEL

***** BR and NB from N record *****

From calculated spectrum: '2U' transition assumed.
Emean 732.3 (13) keV   |   log ft (ec & beta +) 11.52 (35)

*    log ft (ec & beta +)
 82KR  E             0.00007  70.00003  311.5                                2U - OLD CARD
 82KR  E             7E-5     73.E-5    311.52   35             1.0E-4     8 2U - NEW CARD

*    Mean energy
 82KR2 E EAV=735.6    15$CK=0.26325  42$CL=0.03054  36$CM=0.00549  12           - OLD CARD
 82KR2 E EAV=732.3 13$CK=0.6746 22$CL=0.07872 27$CM+=0.01741 12                 - NEW CARD

---------------------------------------------------------------------------------------------------------------------  6

 82RB  P 0.0         1+                1.2652 M  45             4403      3     - PARENT
 82KR  N 1.0         1.0       1         1.0                                    - NORMALIZATION
 82KR  L 1956.797  20(2)+                                                       - LEVEL

***** BR and NB from N record *****

From calculated spectrum: 'A' transition assumed.
Emean 623.0 (13) keV   |   log ft (ec & beta +) 6.889 (26)

*    log ft (ec & beta +)
 82KR  E             0.00890 140.0047   86.7                                    - OLD CARD
 82KR  E             0.00890 140.0047   86.889   26             0.0136     8    - NEW CARD

*    Mean energy
 82KR2 E EAV=624.8    14$CK=0.30322  48$CL=0.03518  41$CM=0.00636  14           - OLD CARD
 82KR2 E EAV=623.0 13$CK=0.3036 25$CL=0.03464 29$CM+=0.00765 7                  - NEW CARD

---------------------------------------------------------------------------------------------------------------------  7

 82RB  P 0.0         1+                1.2652 M  45             4403      3     - PARENT
 82KR  N 1.0         1.0       1         1.0                                    - NORMALIZATION
 82KR  L 2171.68   3 0+                                                         - LEVEL

***** BR and NB from N record *****

From calculated spectrum: 'A' transition assumed.
Emean 527.2 (13) keV   |   log ft (ec & beta +) 5.027 (7)

*    log ft (ec & beta +)
 82KR  E             0.317    60.283    55                                      - OLD CARD
 82KR  E             0.317    60.283    55.027    7             0.600      8    - NEW CARD

*    Mean energy
 82KR2 E EAV=528.6    14$CK=0.4138    7$CL=0.0481    6$CM=0.00868  19           - OLD CARD
 82KR2 E EAV=527.2 13$CK=0.4145 31$CL=0.04733 36$CM+=0.01045 10                 - NEW CARD

---------------------------------------------------------------------------------------------------------------------  8

 82RB  P 0.0         1+                1.2652 M  45             4403      3     - PARENT
 82KR  N 1.0         1.0       1         1.0                                    - NORMALIZATION
 82KR  L 2450.09   9 0(+),1,2+                                                  - LEVEL

***** BR and NB from N record *****

From calculated spectrum: 'A' transition assumed.
Emean 404.7 (13) keV   |   log ft (ec & beta +) 6.337 (25)

*    log ft (ec & beta +)
 82KR  E             0.0050   40.0105   86.3                                    - OLD CARD
 82KR  E             0.0050   40.0105   86.337   25             0.0155     9    - NEW CARD

*    Mean energy
 82KR2 E EAV=405.7    14$CK=0.5942    9$CL=0.0692    8$CM=0.01246  27           - OLD CARD
 82KR2 E EAV=404.7 13$CK=0.5964 32$CL=0.06820 38$CM+=0.01506 12                 - NEW CARD

---------------------------------------------------------------------------------------------------------------------  9

 82RB  P 0.0         1+                1.2652 M  45             4403      3     - PARENT
 82KR  N 1.0         1.0       1         1.0                                    - NORMALIZATION
 82KR  L 2479.72   3 1,2+                                                       - LEVEL

***** BR and NB from N record *****

From calculated spectrum: 'A' transition assumed.
Emean 391.8 (13) keV   |   log ft (ec & beta +) 5.512 (8)

*    log ft (ec & beta +)
 82KR  E             0.0288   70.0682  145.5                                    - OLD CARD
 82KR  E             0.0288   70.0682  145.512    8             0.0970    16    - NEW CARD

*    Mean energy
 82KR2 E EAV=392.7    14$CK=0.6167   10$CL=0.0718    8$CM=0.01294  28           - OLD CARD
 82KR2 E EAV=391.8 13$CK=0.6167 32$CL=0.07054 37$CM+=0.01558 12                 - NEW CARD

---------------------------------------------------------------------------------------------------------------------  10

 82RB  P 0.0         1+                1.2652 M  45             4403      3     - PARENT
 82KR  N 1.0         1.0       1         1.0                                    - NORMALIZATION
 82KR  L 2509.0    5                                                            - LEVEL

***** BR and NB from N record *****

From calculated spectrum: 'A' transition assumed.
Emean 379.1 (13) keV   |   log ft (ec & beta +) 7.3 (2)

*    log ft (ec & beta +)
 82KR  E             0.00041 250.0011   67.4                                    - OLD CARD
 82KR  E             4.1E-4  250.0011   67.3      2             0.0015     7    - NEW CARD

*    Mean energy
 82KR2 E EAV=380.0    14$CK=0.6389   10$CL=0.0744    9$CM=0.01340  29           - OLD CARD
 82KR2 E EAV=379.1 13$CK=0.6367 31$CL=0.07284 37$CM+=0.01609 12                 - NEW CARD

---------------------------------------------------------------------------------------------------------------------  11

 82RB  P 0.0         1+                1.2652 M  45             4403      3     - PARENT
 82KR  N 1.0         1.0       1         1.0                                    - NORMALIZATION
 82KR  L 2556.3    7 (4)+                                                       - LEVEL

***** BR and NB from N record *****

From calculated spectrum: '2U' transition assumed.
Emean 403.3 (14) keV   |   log ft (ec & beta +) 10.06 (17)

*    log ft (ec & beta +)
 82KR  E             0.00007  40.00023 1110                                  2U - OLD CARD
 82KR  E             7.E-5    42.3E-4  1110.06   17             3.0E-4    12 2U - NEW CARD

*    Mean energy
 82KR2 E EAV=359.4    14$CK=0.6724   11$CL=0.0783    9$CM=0.01411  31           - OLD CARD
 82KR2 E EAV=403.3 14$CK=0.85769 48$CL=0.10163 14$CM+=0.02250 14                - NEW CARD

---------------------------------------------------------------------------------------------------------------------  12

 82RB  P 0.0         1+                1.2652 M  45             4403      3     - PARENT
 82KR  N 1.0         1.0       1         1.0                                    - NORMALIZATION
 82KR  L 2561.7    5                                                            - LEVEL

***** BR and NB from N record *****

From calculated spectrum: 'A' transition assumed.
Emean 356.2 (13) keV   |   log ft (ec & beta +) 7.28 (19)

*    log ft (ec & beta +)
 82KR  E             0.00033 190.0011   67.3                                    - OLD CARD
 82KR  E             3.3E-4  190.0011   67.28    19             0.0014     6    - NEW CARD

*    Mean energy
 82KR2 E EAV=357.0    14$CK=0.6746   11$CL=0.0785    9$CM=0.01415  31           - OLD CARD
 82KR2 E EAV=356.2 13$CK=0.6718 30$CL=0.07689 35$CM+=0.01698 13                 - NEW CARD

---------------------------------------------------------------------------------------------------------------------  13

 82RB  P 0.0         1+                1.2652 M  45             4403      3     - PARENT
 82KR  N 1.0         1.0       1         1.0                                    - NORMALIZATION
 82KR  L 2655.82   101,2(+)                                                     - LEVEL

***** BR and NB from N record *****

From calculated spectrum: 'A' transition assumed.
Emean 315.6 (13) keV   |   log ft (ec & beta +) 6.109 (44)

*    log ft (ec & beta +)
 82KR  E             0.00284 340.0142  176.1                                    - OLD CARD
 82KR  E             0.00284 340.0142  176.109   44             0.0170    17    - NEW CARD

*    Mean energy
 82KR2 E EAV=316.2    13$CK=0.7308   12$CL=0.0852   10$CM=0.01533  33           - OLD CARD
 82KR2 E EAV=315.6 13$CK=0.7305 25$CL=0.08366 31$CM+=0.01848 13                 - NEW CARD

---------------------------------------------------------------------------------------------------------------------  

-------- Total: 13
-------- Added lines: 1


