Input file:  .\I123\I-123.txt
Output file: .\I123\I-123.new

Input file: 126 lines
Output file: 127 lines
Added new lines: 1
--> Output file is consistent.


####################################################  EC DECAYS  ####################################################

---------------------------------------------------------------------------------------------------------------------  1

123I   P 0.0         5/2+              13.2234 H 37             1234      3     - PARENT
123TE  N 1.0         1.0       1         1.0                                    - NORMALIZATION
123TE  L 158.99    3 3/2+              196 PS    9                              - LEVEL

***** BR and NB from N record *****

From calculation: 'A' transition assumed.
K =  0.85137 (31) | L =  0.11643 (13) | M =  0.02553 (12) | N =  0.00573 (5) | O =  9.33E-4 (16)
K/b+ =  3.5E6 (13) | L/b+ =  4.7E5 (18) | M/b+ =  1.04E5 (40) | N/b+ =  2.3E4 (9) | O/b+ =  3.8E3 (15) | EC/b+ =  4.1E6 (16)

Branch splitting:  Iec 97.18 (32) %  and  Ib+ 0 %
                   Itot 97.18 (32) %
EC component of log ft 5.290 (6)

*    log ft
123TE  E                       97.18   325.26                                   - OLD CARD
123TE  E                       97.18   325.290    6             97.18     32    - NEW CARD

*    Probabilities
123TE2 E CK=0.8533   14$CL=0.1163   10$CM=0.0248    5$CN=0.0056    3            - OLD CARD
123TE2 E CK=0.85137 31$CL=0.11643 13$CM+=0.03219 13                             - NEW CARD

---------------------------------------------------------------------------------------------------------------------  2

123I   P 0.0         5/2+              13.2234 H 37             1234      3     - PARENT
123TE  N 1.0         1.0       1         1.0                                    - NORMALIZATION
123TE  L 440.00    4 3/2+              22 PS     3                              - LEVEL

***** BR and NB from N record *****

From calculation: 'A' transition assumed.
K =  0.84899 (33) | L =  0.11823 (14) | M =  0.02599 (12) | N =  0.00584 (6) | O =  9.50E-4 (16)
log ft 7.384 (9)

*    log ft
123TE  E                       0.419    57.35                                   - OLD CARD
123TE  E                       0.419    57.384    9             0.419      5    - NEW CARD

*    Probabilities
123TE2 E CK=0.8510   14$CL=0.1181   10$CM=0.0253    5$CN=0.0056    3            - OLD CARD
123TE2 E CK=0.84899 33$CL=0.11823 14$CM+=0.03278 14                             - NEW CARD

---------------------------------------------------------------------------------------------------------------------  3

123I   P 0.0         5/2+              13.2234 H 37             1234      3     - PARENT
123TE  N 1.0         1.0       1         1.0                                    - NORMALIZATION
123TE  L 489.70    8 (7/2)+            30.7 NS                                  - LEVEL

***** BR and NB from N record *****

From calculation: 'A' transition assumed.
K =  0.84837 (34) | L =  0.11870 (14) | M =  0.02611 (12) | N =  0.00586 (6) | O =  9.55E-4 (16)
log ft 9.55 (17)

*    log ft
123TE  E                       0.0025  109.52                                   - OLD CARD
123TE  E                       0.0025  109.55    17             0.0025    10    - NEW CARD

*    Probabilities
123TE2 E CK=0.8503   14$CL=0.1186   10$CM=0.0254    5$CN=0.0057    3            - OLD CARD
123TE2 E CK=0.84837 34$CL=0.11870 14$CM+=0.03292 14                             - NEW CARD

---------------------------------------------------------------------------------------------------------------------  4

123I   P 0.0         5/2+              13.2234 H 37             1234      3     - PARENT
123TE  N 1.0         1.0       1         1.0                                    - NORMALIZATION
123TE  L 505.34    4 (5/2)+            13.5 PS   25                             - LEVEL

***** BR and NB from N record *****

From calculation: 'A' transition assumed.
K =  0.84815 (34) | L =  0.11886 (14) | M =  0.02616 (12) | N =  0.00587 (6) | O =  9.56E-4 (16)
log ft 7.39 (5)

*    log ft
123TE  E                       0.349   427.35                                   - OLD CARD
123TE  E                       0.349   427.39     5             0.349     42    - NEW CARD

*    Probabilities
123TE2 E CK=0.8501   14$CL=0.1187   10$CM=0.0254    5$CN=0.0058    3            - OLD CARD
123TE2 E CK=0.84815 34$CL=0.11886 14$CM+=0.03299 14                             - NEW CARD

---------------------------------------------------------------------------------------------------------------------  5

123I   P 0.0         5/2+              13.2234 H 37             1234      3     - PARENT
123TE  N 1.0         1.0       1         1.0                                    - NORMALIZATION
123TE  L 687.95    4 3/2+                                                       - LEVEL

***** BR and NB from N record *****

From calculation: 'A' transition assumed.
K =  0.84469 (38) | L =  0.12148 (17) | M =  0.02683 (13) | N =  0.00603 (6) | O =  9.82E-4 (17)
log ft 6.520 (38)

*    log ft
123TE  E                       1.40    126.49                                   - OLD CARD
123TE  E                       1.40    126.520   38             1.40      12    - NEW CARD

*    Probabilities
123TE2 E CK=0.8466   14$CL=0.1214   10$CM=0.0261    5$CN=0.0059    3            - OLD CARD
123TE2 E CK=0.84469 38$CL=0.12148 17$CM+=0.03384 14                             - NEW CARD

---------------------------------------------------------------------------------------------------------------------  6

123I   P 0.0         5/2+              13.2234 H 37             1234      3     - PARENT
123TE  N 1.0         1.0       1         1.0                                    - NORMALIZATION
123TE  L 697.52    5 7/2+                                                       - LEVEL

***** BR and NB from N record *****

From calculation: 'A' transition assumed.
K =  0.84444 (39) | L =  0.12167 (18) | M =  0.02688 (13) | N =  0.00604 (6) | O =  9.83E-4 (17)
log ft 7.028 (16)

*    log ft
123TE  E                       0.419   136.98                                   - OLD CARD
123TE  E                       0.419   137.028   16             0.419     13    - NEW CARD

*    Probabilities
123TE2 E CK=0.8464   14$CL=0.1216   10$CM=0.0262    5$CN=0.0058    3            - OLD CARD
123TE2 E CK=0.84444 39$CL=0.12167 18$CM+=0.03390 14                             - NEW CARD

---------------------------------------------------------------------------------------------------------------------  7

123I   P 0.0         5/2+              13.2234 H 37             1234      3     - PARENT
123TE  N 1.0         1.0       1         1.0                                    - NORMALIZATION
123TE  L 769.26    14                                                           - LEVEL

***** BR and NB from N record *****

From calculation: 'A' transition assumed.
K =  0.84219 (42) | L =  0.12336 (20) | M =  0.02731 (14) | N =  0.00614 (6) | O =  10.00E-4 (17)
log ft 8.95 (7)

*    log ft
123TE  E                       0.0037   68.92                                   - OLD CARD
123TE  E                       0.0037   68.95     7             0.0037     6    - NEW CARD

*    Probabilities
123TE2 E CK=0.8441   14$CL=0.1233   10$CM=0.0266    5$CN=0.0060    3            - OLD CARD
123TE2 E CK=0.84219 42$CL=0.12336 20$CM+=0.03445 15                             - NEW CARD

---------------------------------------------------------------------------------------------------------------------  8

123I   P 0.0         5/2+              13.2234 H 37             1234      3     - PARENT
123TE  N 1.0         1.0       1         1.0                                    - NORMALIZATION
123TE  L 783.60    4 3/2,5/2+          52 FS     33                             - LEVEL

***** BR and NB from N record *****

From calculation: 'A' transition assumed.
K =  0.84165 (43) | L =  0.12377 (20) | M =  0.02742 (14) | N =  0.00616 (6) | O =  0.001004 (17)
log ft 7.325 (11)

*    log ft
123TE  E                       0.1461  207.29                                   - OLD CARD
123TE  E                       0.1461  207.325   11             0.1461    20    - NEW CARD

*    Probabilities
123TE2 E CK=0.8436   14$CL=0.1237   10$CM=0.0267    5$CN=0.0060    3            - OLD CARD
123TE2 E CK=0.84165 43$CL=0.12377 20$CM+=0.03458 15                             - NEW CARD

---------------------------------------------------------------------------------------------------------------------  9

123I   P 0.0         5/2+              13.2234 H 37             1234      3     - PARENT
123TE  N 1.0         1.0       1         1.0                                    - NORMALIZATION
123TE  L 894.74    6 3/2,5/2+          45 FS     24                             - LEVEL

***** BR and NB from N record *****

From calculation: 'A' transition assumed.
K =  0.8357 (5) | L =  0.12824 (28) | M =  0.02857 (17) | N =  0.00643 (7) | O =  0.001048 (19)
log ft 7.353 (14)

*    log ft
123TE  E                       0.0744  137.32                                   - OLD CARD
123TE  E                       0.0744  137.353   14             0.0744    13    - NEW CARD

*    Probabilities
123TE2 E CK=0.8377   15$CL=0.1283   11$CM=0.0278    5$CN=0.0062    3            - OLD CARD
123TE2 E CK=0.8357 5$CL=0.12824 28$CM+=0.03605 18                               - NEW CARD

---------------------------------------------------------------------------------------------------------------------  10

123I   P 0.0         5/2+              13.2234 H 37             1234      3     - PARENT
123TE  N 1.0         1.0       1         1.0                                    - NORMALIZATION
123TE  L 996.06    12(5/2)-                                                     - LEVEL

***** BR and NB from N record *****

From calculation: 'A' transition assumed.
K =  0.8246 (8) | L =  0.1366 (5) | M =  0.03074 (23) | N =  0.00693 (9) | O =  0.001130 (22)
log ft 8.34 (4)

*    log ft
123TE  E                       0.0035   38.31                                   - OLD CARD
123TE  E                       0.0035   38.34     4             0.0035     3    - NEW CARD

*    Probabilities
123TE2 E CK=0.8266   16$CL=0.1363   12$CM=0.0300    6$CN=0.0067    4            - OLD CARD
123TE2 E CK=0.8246 8$CL=0.1366 5$CM+=0.03880 25                                 - NEW CARD

---------------------------------------------------------------------------------------------------------------------  11

123I   P 0.0         5/2+              13.2234 H 37             1234      3     - PARENT
123TE  N 1.0         1.0       1         1.0                                    - NORMALIZATION
123TE  L 1036.64   123/2,5/2+          43 FS     16                             - LEVEL

***** BR and NB from N record *****

From calculation: 'A' transition assumed.
K =  0.8163 (11) | L =  0.1429 (7) | M =  0.03237 (30) | N =  0.00731 (10) | O =  0.001192 (26)
log ft 8.30 (16)

*    log ft
123TE  E                       0.0025   98.27                                   - OLD CARD
123TE  E                       0.0025   98.30    16             0.0025     9    - NEW CARD

*    Probabilities
123TE2 E CK=0.8182   18$CL=0.1427   13$CM=0.0316    6$CN=0.0071    4            - OLD CARD
123TE2 E CK=0.8163 11$CL=0.1429 7$CM+=0.04087 32                                - NEW CARD

---------------------------------------------------------------------------------------------------------------------  12

123I   P 0.0         5/2+              13.2234 H 37             1234      3     - PARENT
123TE  N 1.0         1.0       1         1.0                                    - NORMALIZATION
123TE  L 1068.18   8 3/2,5/2+                                                   - LEVEL

***** BR and NB from N record *****

From calculation: 'A' transition assumed.
K =  0.8062 (16) | L =  0.1504 (10) | M =  0.03434 (39) | N =  0.00777 (13) | O =  0.001267 (30)
log ft 7.623 (31)

*    log ft
123TE  E                       0.0079   47.59                                   - OLD CARD
123TE  E                       0.0079   47.623   31             0.0079     4    - NEW CARD

*    Probabilities
123TE2 E CK=0.8082   21$CL=0.1503   15$CM=0.0336    7$CN=0.0075    4            - OLD CARD
123TE2 E CK=0.8062 16$CL=0.1504 10$CM+=0.04338 41                               - NEW CARD

---------------------------------------------------------------------------------------------------------------------  

-------- Total: 12
-------- Added lines: 1


---------------------------------------------------------------------------------------------------------------------  

-------- Total: 0
-------- Added lines: 0


