Input file:  .\Cd109\Cd-109.txt
Output file: .\Cd109\Cd-109.new

Input file: 48 lines
Output file: 49 lines
Added new lines: 1
--> Output file is consistent.


####################################################  EC DECAYS  ####################################################

---------------------------------------------------------------------------------------------------------------------  1

109CD  P 0.0         5/2+              461.9 D   4              215.5     18    - PARENT
109AG  N 1.0         1.0       1         1.0                                    - NORMALIZATION
109AG  L 88.0341     7/2+              39.7 S    2                              - LEVEL

***** BR and NB from N record *****

From calculation: 'A' transition assumed.
K =  0.8150 (14) | L =  0.1453 (9) | M =  0.03223 (33) | N =  0.00703 (10) | O =  4.36E-4 (12)
log ft 6.013 (25)

*    log ft
109AG  E                       100       6                                      - OLD CARD
109AG  E                       100       6.013   25             100             - NEW CARD

*    Probabilities
109AG2 E CK=0.812     3$CL=0.150     3$CM=0.0321    9$CN=0.0064    4            - OLD CARD
109AG2 E CK=0.8150 14$CL=0.1453 9$CM+=0.03970 35                                - NEW CARD

---------------------------------------------------------------------------------------------------------------------  

-------- Total: 1
-------- Added lines: 1


