Input file:  .\Zr89\Zr-89.txt
Output file: .\Zr89\Zr-89.new

Input file: 64 lines
Output file: 68 lines
Added new lines: 4
--> Output file is consistent.


####################################################  EC DECAYS  ####################################################

---------------------------------------------------------------------------------------------------------------------  1

 89ZR  P 0.0         9/2+              78.42 H   13             2832.8    28    - PARENT
 89Y   N 1.0         1.0       1         1.0                                    - NORMALIZATION
 89Y   L 908.97    3 9/2+              15.84 S   18                             - LEVEL

***** BR and NB from N record *****

From calculation: 'A' transition assumed.
K =  0.6746 (29) | L =  0.07979 (37) | M =  0.01555 (10) | N =  0.002743 (32) | O =  2.798E-4 (44)
K/b+ =  2.97 (6) | L/b+ =  0.351 (6) | M/b+ =  0.0685 (10) | N/b+ =  0.01208 (15) | O/b+ =  0.001232 (21) | EC/b+ =  3.40 (7)

Branch splitting:  Iec 76.2 (3) %  and  Ib+ 22.8 (3) %
                   Itot 99.00 (42) %
EC component of log ft 6.169 (5)

*    log ft
 89Y   E             22.8     376.2     36.152                                  - OLD CARD
 89Y   E             22.8     376.2     36.169    5             99.00     42    - NEW CARD

*    Probabilities
 89Y 2 E EAV=395.7    14$CK=0.6720   12$CL=0.0801    9$CM=0.01509  31           - OLD CARD
 89Y 2 E EAV= $CK=0.6746 29$CL=0.07979 37$CM+=0.01857 11                        - NEW CARD

---------------------------------------------------------------------------------------------------------------------  2

 89ZR  P 0.0         9/2+              78.42 H   13             2832.8    28    - PARENT
 89Y   N 1.0         1.0       1         1.0                                    - NORMALIZATION
 89Y   L 1744.74   185/2-              0.62 PS   14                             - LEVEL

***** BR and NB from N record *****

From calculation: '1U' transition assumed.
K =  0.86738 (32) | L =  0.10749 (17) | M =  0.02105 (11) | N =  0.003708 (41) | O =  3.76E-4 (6)
K/b+ =  3.3E6 (9) | L/b+ =  4.1E5 (11) | M/b+ =  8.1E4 (22) | N/b+ =  1.43E4 (39) | O/b+ =  1.45E3 (40) | EC/b+ =  3.8E6 (11)

Branch splitting:  Iec 0.123 (4) %  and  Ib+ 0 %
                   Itot 0.123 (4) %
EC component of log ft 9.105 (16)

*    log ft
 89Y   E                       0.123    49.09                                1U - OLD CARD
 89Y   E                       0.123    49.105   16             0.123      4 1U - NEW CARD

*    Probabilities
 89Y 2 E CK=0.8677   15$CL=0.1082   12$CM=0.0208    4$CN=0.0033    2            - OLD CARD
 89Y 2 E CK=0.86738 32$CL=0.10749 17$CM+=0.02513 12                             - NEW CARD

---------------------------------------------------------------------------------------------------------------------  3

 89ZR  P 0.0         9/2+              78.42 H   13             2832.8    28    - PARENT
 89Y   N 1.0         1.0       1         1.0                                    - NORMALIZATION
 89Y   L 2529.8    2 7/2+              0.08 PS   3                              - LEVEL

***** BR and NB from N record *****

From calculation: 'A' transition assumed.
K =  0.86295 (42) | L =  0.11093 (24) | M =  0.02186 (13) | N =  0.003862 (46) | O =  3.94E-4 (6)
log ft 7.538 (32)

*    log ft
 89Y   E                       0.074    57.52                                   - OLD CARD
 89Y   E                       0.074    57.538   32             0.074      5    - NEW CARD

*    Probabilities
 89Y 2 E CK=0.8632   16$CL=0.1120   13$CM=0.0213    4$CN=0.0035    2            - OLD CARD
 89Y 2 E CK=0.86295 42$CL=0.11093 24$CM+=0.02612 14                             - NEW CARD

---------------------------------------------------------------------------------------------------------------------  4

 89ZR  P 0.0         9/2+              78.42 H   13             2832.8    28    - PARENT
 89Y   N 1.0         1.0       1         1.0                                    - NORMALIZATION
 89Y   L 2566.55   1511/2+                                                      - LEVEL

***** BR and NB from N record *****

From calculation: 'A' transition assumed.
K =  0.86123 (46) | L =  0.11229 (27) | M =  0.02216 (14) | N =  0.003917 (48) | O =  4.00E-4 (7)
log ft 7.263 (25)

*    log ft
 89Y   E                       0.106    57.25                                   - OLD CARD
 89Y   E                       0.106    57.263   25             0.106      5    - NEW CARD

*    Probabilities
 89Y 2 E CK=0.8615   16$CL=0.1134   13$CM=0.0216    5$CN=0.0035    2            - OLD CARD
 89Y 2 E CK=0.86123 46$CL=0.11229 27$CM+=0.02648 15                             - NEW CARD

---------------------------------------------------------------------------------------------------------------------  5

 89ZR  P 0.0         9/2+              78.42 H   13             2832.8    28    - PARENT
 89Y   N 1.0         1.0       1         1.0                                    - NORMALIZATION
 89Y   L 2622.1    3 9/2+              0.21 PS   10                             - LEVEL

***** BR and NB from N record *****

From calculation: 'A' transition assumed.
K =  0.8574 (6) | L =  0.11532 (36) | M =  0.02285 (16) | N =  0.00404 (5) | O =  4.12E-4 (7)
log ft 6.200 (17)

*    log ft
 89Y   E                       0.745   106.18                                   - OLD CARD
 89Y   E                       0.745   106.200   17             0.745     10    - NEW CARD

*    Probabilities
 89Y 2 E CK=0.8575   17$CL=0.1165   13$CM=0.0223    5$CN=0.0036    2            - OLD CARD
 89Y 2 E CK=0.8574 6$CL=0.11532 36$CM+=0.02730 17                               - NEW CARD

---------------------------------------------------------------------------------------------------------------------  

-------- Total: 5
-------- Added lines: 1


####################################################  B+ DECAYS  ####################################################

---------------------------------------------------------------------------------------------------------------------  1

 89ZR  P 0.0         9/2+              78.42 H   13             2832.8    28    - PARENT
 89Y   N 1.0         1.0       1         1.0                                    - NORMALIZATION
 89Y   L 908.97    3 9/2+              15.84 S   18                             - LEVEL

***** BR and NB from N record *****

From calculated spectrum: 'A' transition assumed.
Emean 394.8 (12) keV   |   log ft (ec & beta +) 6.1701 (45)

From measured spectrum
Emean 392.1 (12) keV   |   [For information] log ft (ec & beta +) 0

*    log ft (ec & beta +)
 89Y   E             22.8     376.2     36.152                                  - OLD CARD
 89Y   E             22.8     376.2     36.1701  45             99.00     42    - NEW CARD

*    Mean energy
 89Y 2 E EAV=395.7    14$CK=0.6720   12$CL=0.0801    9$CM=0.01509  31           - OLD CARD
 89Y 2 E EAV=392.1 12$CK=0.6746 29$CL=0.07979 37$CM+=0.01857 11                 - NEW CARD
 89Y 2 E C1=-0.39 $C3=0.09 (1960HA26)                                           - ADDITIONAL NEW CARD
 89Y  DE $Cexp(W) = 1+C{-1}W+C{-3}W{+2}                                         - ADDITIONAL NEW CARD

---------------------------------------------------------------------------------------------------------------------  

-------- Total: 1
-------- Added lines: 3


