Input file:  .\Gd153\Gd-153.txt
Output file: .\Gd153\Gd-153.new

Input file: 74 lines
Output file: 75 lines
Added new lines: 1
--> Output file is consistent.


####################################################  EC DECAYS  ####################################################

---------------------------------------------------------------------------------------------------------------------  1

153GD  P 0.0         3/2-              240.4 D   10             484.0     7     - PARENT
153EU  N 1.0         1.0       1         1.0                                    - NORMALIZATION
153EU  L 0           5/2+               STABLE                                  - LEVEL

***** BR and NB from N record *****

From calculation: 'A' transition assumed.
K =  0.82023 (37) | L =  0.13674 (17) | M =  0.03279 (12) | N =  0.00855 (6) | O =  0.001538 (16) | P =  1.496E-4 (26)
log ft 8.97 (33)

*    log ft
153EU  E                       4        38.9                                 1  - OLD CARD
153EU  E                       4        38.97    33             4          3    - NEW CARD

*    Probabilities
153EU2 E CK=0.8192   17$CL=0.1392   15$CM=0.0324    8                           - OLD CARD
153EU2 E CK=0.82023 37$CL=0.13674 17$CM+=0.04303 14                             - NEW CARD

---------------------------------------------------------------------------------------------------------------------  2

153GD  P 0.0         3/2-              240.4 D   10             484.0     7     - PARENT
153EU  N 1.0         1.0       1         1.0                                    - NORMALIZATION
153EU  L 83.36720  177/2+              0.77 NS                                  - LEVEL

***** BR and NB from N record *****

From calculation: '1U' transition assumed.
K =  0.7581 (8) | L =  0.18226 (44) | M =  0.04553 (23) | N =  0.01182 (9) | O =  0.002063 (24) | P =  1.869E-4 (32)
log ft 9.8 (GE)

*    log ft
153EU  E                       0.05     7                                    1U - OLD CARD
153EU  E                       0.05     79.8     GE             0.05       7 1U - NEW CARD

*    Probabilities
153EU2 E CK=0.8139   17$CL=0.1440   12$CM=0.0337    6$CN=0.0084    4            - OLD CARD
153EU2 E CK=0.7581 8$CL=0.18226 44$CM+=0.05960 25                               - NEW CARD

---------------------------------------------------------------------------------------------------------------------  3

153GD  P 0.0         3/2-              240.4 D   10             484.0     7     - PARENT
153EU  N 1.0         1.0       1         1.0                                    - NORMALIZATION
153EU  L 97.43103  175/2-              0.18 NS                                  - LEVEL

***** BR and NB from N record *****

From calculation: 'A' transition assumed.
K =  0.81281 (40) | L =  0.14215 (19) | M =  0.03432 (13) | N =  0.00896 (6) | O =  0.001612 (17) | P =  1.568E-4 (27)
log ft 7.775 (14)

*    log ft
153EU  E                       38.0    117.7                                    - OLD CARD
153EU  E                       38.0    117.775   14             38.0      11    - NEW CARD

*    Probabilities
153EU2 E CK=0.8116   18$CL=0.1448   16$CM=0.034     8                           - OLD CARD
153EU2 E CK=0.81281 40$CL=0.14215 19$CM+=0.04505 14                             - NEW CARD

---------------------------------------------------------------------------------------------------------------------  4

153GD  P 0.0         3/2-              240.4 D   10             484.0     7     - PARENT
153EU  N 1.0         1.0       1         1.0                                    - NORMALIZATION
153EU  L 103.18016 133/2+              3.88 NS                                  - LEVEL

***** BR and NB from N record *****

From calculation: 'A' transition assumed.
K =  0.81223 (41) | L =  0.14257 (19) | M =  0.03443 (13) | N =  0.00899 (6) | O =  0.001618 (17) | P =  1.574E-4 (27)
log ft 7.717 (20)

*    log ft
153EU  E                       42.0    187.7                                    - OLD CARD
153EU  E                       42.0    187.717   20             42.0      18    - NEW CARD

*    Probabilities
153EU2 E CK=0.8111   18$CL=0.1452   16$CM=0.0341    8                           - OLD CARD
153EU2 E CK=0.81223 41$CL=0.14257 19$CM+=0.04520 14                             - NEW CARD

---------------------------------------------------------------------------------------------------------------------  5

153GD  P 0.0         3/2-              240.4 D   10             484.0     7     - PARENT
153EU  N 1.0         1.0       1         1.0                                    - NORMALIZATION
153EU  L 172.85320 135/2+                                                       - LEVEL

***** BR and NB from N record *****

From calculation: 'A' transition assumed.
K =  0.80321 (46) | L =  0.14914 (23) | M =  0.03629 (15) | N =  0.00949 (7) | O =  0.001708 (19) | P =  1.662E-4 (29)
log ft 7.946 (18)

*    log ft
153EU  E                       15.7     67.9                                 1  - OLD CARD
153EU  E                       15.7     67.946   18             15.7       6    - NEW CARD

*    Probabilities
153EU2 E CK=0.8019   19$CL=0.1519    4$CM=0.0359    9                           - OLD CARD
153EU2 E CK=0.80321 46$CL=0.14914 23$CM+=0.04765 17                             - NEW CARD

---------------------------------------------------------------------------------------------------------------------  

-------- Total: 5
-------- Added lines: 1


