Input file:  .\Pd103\Pd-103.txt
Output file: .\Pd103\Pd-103.new

Input file: 77 lines
Output file: 78 lines
Added new lines: 1
--> Output file is consistent.


####################################################  EC DECAYS  ####################################################

---------------------------------------------------------------------------------------------------------------------  1

103PD  P 0.0         5/2+              17.00 D   5              574.7     24    - PARENT
103RH  N 1.0         1.0       1         1.0                                    - NORMALIZATION
103RH  L 39.753    6 7/2+              56.115 M  16                             - LEVEL

***** BR and NB from N record *****

From calculation: 'A' transition assumed.
K =  0.86086 (30) | L =  0.11104 (15) | M =  0.02310 (11) | N =  0.005005 (43)
log ft 5.880 (6)

*    log ft
103RH  E                       99.9646  95.88                   99.9646    9    - OLD CARD
103RH  E                       99.9646  95.880    6             99.9646    9    - NEW CARD

*    Probabilities
103RH2 E CK=0.86086  30$CL=0.11103  15$CM=0.02310  11$CN=0.00501   4            - OLD CARD
103RH2 E CK=0.86086 30$CL=0.11104 15$CM+=0.02811 12                             - NEW CARD

---------------------------------------------------------------------------------------------------------------------  2

103PD  P 0.0         5/2+              17.00 D   5              574.7     24    - PARENT
103RH  N 1.0         1.0       1         1.0                                    - NORMALIZATION
103RH  L 294.965   103/2-                                                       - LEVEL

***** BR and NB from N record *****

From calculation: 'A' transition assumed.
K =  0.85178 (45) | L =  0.11805 (26) | M =  0.02479 (14) | N =  0.00538 (5)
log ft 10.52 (5)

*    log ft
103RH  E                       0.00058  710.52                  0.00058    7 1  - OLD CARD
103RH  E                       5.8E-4   710.52    5             5.8E-4     7    - NEW CARD

*    Probabilities
103RH2 E CK=0.8518    5$CL=0.11804  26$CM=0.02479  14$CN=0.00538   5            - OLD CARD
103RH2 E CK=0.85178 45$CL=0.11805 26$CM+=0.03017 15                             - NEW CARD

---------------------------------------------------------------------------------------------------------------------  3

103PD  P 0.0         5/2+              17.00 D   5              574.7     24    - PARENT
103RH  N 1.0         1.0       1         1.0                                    - NORMALIZATION
103RH  L 357.40    3 5/2-                                                       - LEVEL

***** BR and NB from N record *****

From calculation: 'A' transition assumed.
K =  0.8459 (6) | L =  0.12262 (37) | M =  0.02589 (17) | N =  0.00563 (6)
log ft 8.569 (18)

*    log ft
103RH  E                       0.0300   98.569                  0.0300     9    - OLD CARD
103RH  E                       0.0300   98.569   18             0.0300     9    - NEW CARD

*    Probabilities
103RH2 E CK=0.8459    6$CL=0.1226    4$CM=0.02589  17$CN=0.00563   6            - OLD CARD
103RH2 E CK=0.8459 6$CL=0.12262 37$CM+=0.03152 18                               - NEW CARD

---------------------------------------------------------------------------------------------------------------------  4

103PD  P 0.0         5/2+              17.00 D   5              574.7     24    - PARENT
103RH  N 1.0         1.0       1         1.0                                    - NORMALIZATION
103RH  L 536.839   8 5/2+                                                       - LEVEL

***** BR and NB from N record *****

From calculation: 'A' transition assumed.
K =  0.55 (5) | L =  0.350 (39) | M =  0.084 (11) | N =  0.0186 (25)
log ft 7.33 (11)

*    log ft
103RH  E                       0.00480 167.33                   0.00480   16    - OLD CARD
103RH  E                       0.00480 167.33    11             0.00480   16    - NEW CARD

*    Probabilities
103RH2 E CK=0.55      5$CL=0.35      4$CM=0.084    11$CN=0.0186   25            - OLD CARD
103RH2 E CK=0.55 5$CL=0.350 39$CM+=0.103 11                                     - NEW CARD

---------------------------------------------------------------------------------------------------------------------  

-------- Total: 4
-------- Added lines: 1


